// Jest Snapshot v1, https://goo.gl/fbAQLP

exports[`Clock render Clock 1`] = `
<div
  className="c-clock"
>
  hoge
</div>
`;
